2026-09-07 22:11:42,699 - INFO - Input validation successful: 10 is a valid number.
2026-09-07 22:11:42,699 - INFO - Input validation successful: 5 is a valid number.
2026-09-07 22:11:42,699 - INFO - Input validation successful: 3 is a valid number.
2026-09-07 22:11:42,699 - INFO - Addition successful: 10 + 5 + 3 = 18
2026-09-07 22:11:42,699 - INFO - Input validation successful: 10 is a valid number.
2026-09-07 22:11:42,699 - INFO - Input validation successful: 5 is a valid number.
2026-09-07 22:11:42,699 - INFO - Input validation successful: 3 is a valid number.
2026-09-07 22:11:42,699 - INFO - Subtraction successful: 10 - 5 - 3 = 2
2026-09-07 22:11:42,700 - INFO - Input validation successful: 10 is a valid number.
2026-09-07 22:11:42,700 - INFO - Input validation successful: 5 is a valid number.
2026-09-07 22:11:42,700 - INFO - Input validation successful: 3 is a valid number.
2026-09-07 22:11:42,700 - INFO - Multiplication successful: 10 * 5 * 3 = 150
2026-09-07 22:11:42,701 - INFO - Input validation successful: 10 is a valid number.
2026-09-07 22:11:42,701 - INFO - Input validation successful: 2 is a valid number.
2026-09-07 22:11:42,701 - INFO - Division successful: 10 / 2 = 5.0
2026-09-07 22:11:42,701 - INFO - Input validation successful: 200 is a valid number.
2026-09-07 22:11:42,701 - INFO - Input validation successful: 15 is a valid number.
2026-09-07 22:11:42,702 - INFO - Percentage calculation successful: 15% of 200 = 30.0
2026-09-07 22:11:42,702 - INFO - Input validation successful: 10 is a valid number.
2026-09-07 22:11:42,702 - INFO - Input validation successful: 20 is a valid number.
2026-09-07 22:11:42,702 - INFO - Input validation successful: 30 is a valid number.
2026-09-07 22:11:42,702 - INFO - Mean calculation successful: mean(10, 20, 30) = 20.0
2026-09-07 22:11:42,703 - INFO - Converted 25°C to 77.0°F
2026-09-07 22:11:42,703 - INFO - Converted 77°F to 25.0°C
2026-09-07 22:11:42,703 - INFO - Input validation successful: 10 is a valid number.
2026-09-07 22:11:42,703 - INFO - Input validation successful: 0 is a valid number.
2026-09-07 22:11:42,703 - ERROR - ZeroDivisionError: Attempted division by zero.
2026-09-07 22:11:42,704 - INFO - Input validation successful: 150 is a valid number.
2026-09-07 22:11:42,704 - INFO - Input validation successful: -5 is a valid number.
2026-09-07 22:11:42,704 - ERROR - InvalidOperationError: Negative percentage requested (-5%).
2026-09-07 22:11:42,704 - ERROR - TypeError: Expected int or float, got str
2026-09-07 22:11:42,705 - ERROR - TypeError: Expected int or float, got list
